// Jest Snapshot v1, https://goo.gl/fbAQLP

exports[`<MonitorCallout /> spec Monitor callout renders component 1`] = `
<div
  class="euiCallOut euiCallOut--warning"
>
  <div
    class="euiCallOutHeader"
  >
    <svg
      aria-hidden="true"
      class="euiIcon euiIcon--medium euiIcon-isLoading euiCallOutHeader__icon"
      focusable="false"
      height="16"
      role="img"
      viewBox="0 0 16 16"
      width="16"
      xmlns="http://www.w3.org/2000/svg"
    />
    <span
      class="euiCallOutHeader__title"
    >
      The monitor associated with this detector will not receive any anomaly results
    </span>
  </div>
  <div
    class="euiText euiText--small"
  >
    <p>
      Once a detector is stopped, monitor
       
      <a
        class="euiLink euiLink--primary"
        href="/dnexZXEBemUf2kpaW2CK"
        rel="noopener noreferrer"
        target="_blank"
      >
        test-monitor
         
        <svg
          aria-hidden="true"
          class="euiIcon euiIcon--small euiIcon-isLoading"
          focusable="false"
          height="16"
          role="img"
          viewBox="0 0 16 16"
          width="16"
          xmlns="http://www.w3.org/2000/svg"
        />
      </a>
       
      associated with this detector will not receive any anomaly results to generate alerts.
    </p>
  </div>
</div>
`;
