// Jest Snapshot v1, https://goo.gl/fbAQLP

exports[`<EmptyDetector /> spec Empty results renders component with empty message 1`] = `
<div
  class="euiEmptyPrompt"
>
  <span
    class="euiTextColor euiTextColor--subdued"
  >
    <h2
      class="euiTitle euiTitle--medium"
    >
      You have no detectors
    </h2>
    <div
      class="euiSpacer euiSpacer--m"
    />
    <div
      class="euiText euiText--medium"
    >
      <p>
        Create detector first to detect anomalies in your data.
      </p>
      <p>
        Dashboard will generate insights on the anomalies across all of your detectors.
      </p>
      <p>
        Read about
         
        <a
          class="euiLink euiLink--primary"
          href="https://opendistro.github.io/for-elasticsearch-docs/docs/ad/"
          rel="noopener noreferrer"
          target="_blank"
        >
          Get started with Anomaly detection  
          <svg
            aria-hidden="true"
            class="euiIcon euiIcon--small euiIcon-isLoading"
            focusable="false"
            height="16"
            role="img"
            viewBox="0 0 16 16"
            width="16"
            xmlns="http://www.w3.org/2000/svg"
          />
        </a>
         
      </p>
    </div>
  </span>
  <div
    class="euiSpacer euiSpacer--l"
  />
  <div
    class="euiSpacer euiSpacer--s"
  />
  <div
    class="euiFlexGroup euiFlexGroup--gutterMedium euiFlexGroup--justifyContentCenter euiFlexGroup--directionRow euiFlexGroup--responsive"
  >
    <div
      class="euiFlexItem euiFlexItem--flexGrowZero"
    >
      <a
        class="euiButton euiButton--primary"
        data-test-subj="sampleDetectorButton"
        href="opendistro-anomaly-detection-kibana#/sample-detectors"
        rel="noreferrer"
        style="width: 200px;"
      >
        <span
          class="euiButton__content"
        >
          <span
            class="euiButton__text"
          >
            Try a sample detector
          </span>
        </span>
      </a>
    </div>
    <div
      class="euiFlexItem euiFlexItem--flexGrowZero"
    >
      <a
        class="euiButton euiButton--primary euiButton--fill"
        data-test-subj="createDetectorButton"
        href="opendistro-anomaly-detection-kibana#/create-ad/"
        rel="noreferrer"
        style="width: 200px;"
      >
        <span
          class="euiButton__content"
        >
          <span
            class="euiButton__text"
          >
            Create detector
          </span>
        </span>
      </a>
    </div>
  </div>
</div>
`;
