// Jest Snapshot v1, https://goo.gl/fbAQLP

exports[`<FeatureBreakDown /> spec renders the component 1`] = `
<div
  class="euiFlexGroup euiFlexGroup--gutterLarge euiFlexGroup--alignItemsFlexEnd euiFlexGroup--directionRow euiFlexGroup--responsive"
>
  <div
    class="euiFlexItem"
  >
    <h4
      class="euiTitle euiTitle--small preview-title"
    >
      test
    </h4>
  </div>
</div>
`;
