// Jest Snapshot v1, https://goo.gl/fbAQLP

exports[`<SampleDataCallout /> spec Data not loaded renders component 1`] = `
<div
  class="euiCallOut euiCallOut--primary"
>
  <div
    class="euiCallOutHeader"
  >
    <svg
      aria-hidden="true"
      class="euiIcon euiIcon--medium euiIcon-isLoading euiCallOutHeader__icon"
      focusable="false"
      height="16"
      role="img"
      viewBox="0 0 16 16"
      width="16"
      xmlns="http://www.w3.org/2000/svg"
    />
    <span
      class="euiCallOutHeader__title"
    >
      Looking to get more familiar with anomaly detection?
    </span>
  </div>
  <div
    class="euiText euiText--small"
  >
    <p>
      Read the
       
      <a
        class="euiLink euiLink--primary"
        href="https://opendistro.github.io/for-elasticsearch-docs/docs/ad/"
        rel="noopener noreferrer"
        target="_blank"
      >
        documentation
      </a>
       
      or create a
       
      <a
        class="euiLink euiLink--primary"
        href="opendistro-anomaly-detection-kibana#/sample-detectors"
        rel="noreferrer"
      >
        sample detector
      </a>
       
      to get started.
    </p>
  </div>
</div>
`;
